[    0.000000] Linux version 4.15.0-212-generic (buildd@lcy02-amd64-083) (gcc version 7.5.0 (Ubuntu 7.5.0-3ubuntu1~18.04)) #223-Ubuntu SMP Tue May 23 13:09:22 UTC 2023 (Ubuntu 4.15.0-212.223-generic 4.15.18)
[    0.000000] Command line: BOOT_IMAGE=/boot/vmlinuz-4.15.0-212-generic root=LABEL=cloudimg-rootfs ro console=tty1 console=ttyS0
[    0.000000] KERNEL supported cpus:
[    0.000000]   Intel GenuineIntel
[    0.000000]   AMD AuthenticAMD
[    0.000000]   Centaur CentaurHauls
[    0.000000] [Firmware Bug]: TSC doesn't count with P0 frequency!
[    0.000000] x86/fpu: x87 FPU will use FXSAVE
[    0.000000] e820: BIOS-provided physical RAM map:
[    0.000000] BIOS-e820: [mem 0x0000000000000000-0x000000000009fbff] usable
[    0.000000] BIOS-e820: [mem 0x000000000009fc00-0x000000000009ffff] reserved
[    0.000000] BIOS-e820: [mem 0x00000000000f0000-0x00000000000fffff] reserved
[    0.000000] BIOS-e820: [mem 0x0000000000100000-0x000000003ffeffff] usable
[    0.000000] BIOS-e820: [mem 0x000000003fff0000-0x000000003fffffff] ACPI data
[    0.000000] BIOS-e820: [mem 0x00000000fec00000-0x00000000fec00fff] reserved
[    0.000000] BIOS-e820: [mem 0x00000000fee00000-0x00000000fee00fff] reserved
[    0.000000] BIOS-e820: [mem 0x00000000fffc0000-0x00000000ffffffff] reserved
[    0.000000] NX (Execute Disable) protection: active
[    0.000000] SMBIOS 2.5 present.
[    0.000000] DMI: innotek GmbH VirtualBox/VirtualBox, BIOS VirtualBox 12/01/2006
[    0.000000] Hypervisor detected: KVM
[    0.000000] e820: last_pfn = 0x3fff0 max_arch_pfn = 0x400000000
[    0.000000] x86/PAT: Configuration [0-7]: WB  WC  UC- UC  WB  WP  UC- WT  
[    0.000000] CPU MTRRs all blank - virtualized system.
[    0.000000] found SMP MP-table at [mem 0x0009fbf0-0x0009fbff]
[    0.000000] Scanning 1 areas for low memory corruption
[    0.000000] RAMDISK: [mem 0x359cb000-0x36cdcfff]
[    0.000000] ACPI: Early table checksum verification disabled
[    0.000000] ACPI: RSDP 0x00000000000E0000 000024 (v02 VBOX  )
[    0.000000] ACPI: XSDT 0x000000003FFF0030 00003C (v01 VBOX   VBOXXSDT 00000001 ASL  00000061)
[    0.000000] ACPI: FACP 0x000000003FFF00F0 0000F4 (v04 VBOX   VBOXFACP 00000001 ASL  00000061)
[    0.000000] ACPI: DSDT 0x000000003FFF02F0 002353 (v02 VBOX   VBOXBIOS 00000002 VBOX 0002A6A2)
[    0.000000] ACPI: FACS 0x000000003FFF0200 000040
[    0.000000] ACPI: FACS 0x000000003FFF0200 000040
[    0.000000] ACPI: APIC 0x000000003FFF0240 00005C (v02 VBOX   VBOXAPIC 00000001 ASL  00000061)
[    0.000000] ACPI: SSDT 0x000000003FFF02A0 000045 (v01 VBOX   VBOXCPUT 00000002 VBOX 0002A6A2)
[    0.000000] ACPI: Reserving FACP table memory at [mem 0x3fff00f0-0x3fff01e3]
[    0.000000] ACPI: Reserving DSDT table memory at [mem 0x3fff02f0-0x3fff2642]
[    0.000000] ACPI: Reserving FACS table memory at [mem 0x3fff0200-0x3fff023f]
[    0.000000] ACPI: Reserving FACS table memory at [mem 0x3fff0200-0x3fff023f]
[    0.000000] ACPI: Reserving APIC table memory at [mem 0x3fff0240-0x3fff029b]
[    0.000000] ACPI: Reserving SSDT table memory at [mem 0x3fff02a0-0x3fff02e4]
[    0.000000] No NUMA configuration found
[    0.000000] Faking a node at [mem 0x0000000000000000-0x000000003ffeffff]
[    0.000000] NODE_DATA(0) allocated [mem 0x3ffc5000-0x3ffeffff]
[    0.000000] kvm-clock: cpu 0, msr 0:3ff44001, primary cpu clock
[    0.000000] kvm-clock: Using msrs 4b564d01 and 4b564d00
[    0.000000] kvm-clock: using sched offset of 5778896034 cycles
[    0.000000] clocksource: kvm-clock: mask: 0xffffffffffffffff max_cycles: 0x1cd42e4dffb, max_idle_ns: 881590591483 ns
[    0.000000] Zone ranges:
[    0.000000]   DMA      [mem 0x0000000000001000-0x0000000000ffffff]
[    0.000000]   DMA32    [mem 0x0000000001000000-0x000000003ffeffff]
[    0.000000]   Normal   empty
[    0.000000]   Device   empty
[    0.000000] Movable zone start for each node
[    0.000000] Early memory node ranges
[    0.000000]   node   0: [mem 0x0000000000001000-0x000000000009efff]
[    0.000000]   node   0: [mem 0x0000000000100000-0x000000003ffeffff]
[    0.000000] Reserved but unavailable: 104 pages
[    0.000000] Initmem setup node 0 [mem 0x0000000000001000-0x000000003ffeffff]
[    0.000000] ACPI: PM-Timer IO Port: 0x4008
[    0.000000] IOAPIC[0]: apic_id 2, version 32, address 0xfec00000, GSI 0-23
[    0.000000] ACPI: INT_SRC_OVR (bus 0 bus_irq 0 global_irq 2 dfl dfl)
[    0.000000] ACPI: INT_SRC_OVR (bus 0 bus_irq 9 global_irq 9 low level)
[    0.000000] Using ACPI (MADT) for SMP configuration information
[    0.000000] smpboot: Allowing 2 CPUs, 0 hotplug CPUs
[    0.000000] PM: Registered nosave memory: [mem 0x00000000-0x00000fff]
[    0.000000] PM: Registered nosave memory: [mem 0x0009f000-0x0009ffff]
[    0.000000] PM: Registered nosave memory: [mem 0x000a0000-0x000effff]
[    0.000000] PM: Registered nosave memory: [mem 0x000f0000-0x000fffff]
[    0.000000] e820: [mem 0x40000000-0xfebfffff] available for PCI devices
[    0.000000] Booting paravirtualized kernel on KVM
[    0.000000] clocksource: refined-jiffies: mask: 0xffffffff max_cycles: 0xffffffff, max_idle_ns: 7645519600211568 ns
[    0.000000] setup_percpu: NR_CPUS:8192 nr_cpumask_bits:2 nr_cpu_ids:2 nr_node_ids:1
[    0.000000] percpu: Embedded 50 pages/cpu s167936 r8192 d28672 u1048576
[    0.000000] PV qspinlock hash table entries: 256 (order: 0, 4096 bytes)
[    0.000000] Built 1 zonelists, mobility grouping on.  Total pages: 257913
[    0.000000] Policy zone: DMA32
[    0.000000] Kernel command line: BOOT_IMAGE=/boot/vmlinuz-4.15.0-212-generic root=LABEL=cloudimg-rootfs ro console=tty1 console=ttyS0
[    0.000000] Memory: 982644K/1048120K available (12300K kernel code, 2477K rwdata, 4324K rodata, 2480K init, 2720K bss, 65476K reserved, 0K cma-reserved)
[    0.000000] SLUB: HWalign=64, Order=0-3, MinObjects=0, CPUs=2, Nodes=1
[    0.000000] ftrace: allocating 39508 entries in 155 pages
[    0.004000] Hierarchical RCU implementation.
[    0.004000] 	RCU restricting CPUs from NR_CPUS=8192 to nr_cpu_ids=2.
[    0.004000] 	Tasks RCU enabled.
[    0.004000] RCU: Adjusting geometry for rcu_fanout_leaf=16, nr_cpu_ids=2
[    0.004000] NR_IRQS: 524544, nr_irqs: 440, preallocated irqs: 16
[    0.004000] random: crng init done
[    0.004000] Console: colour VGA+ 80x25
[    0.004000] console [tty1] enabled
[    0.004000] console [ttyS0] enabled
[    0.004000] ACPI: Core revision 20170831
[    0.004000] ACPI: 2 ACPI AML tables successfully acquired and loaded
[    0.004000] APIC: Switch to symmetric I/O mode setup
[    0.004000] ..TIMER: vector=0x30 apic1=0 pin1=2 apic2=-1 pin2=-1
[    0.004028] tsc: Detected 3094.110 MHz processor
[    0.008016] Calibrating delay loop (skipped) preset value.. 6188.22 BogoMIPS (lpj=12376440)
[    0.012009] pid_max: default: 32768 minimum: 301
[    0.016525] Security Framework initialized
[    0.020011] Yama: becoming mindful.
[    0.024202] AppArmor: AppArmor initialized
[    0.044182] Dentry cache hash table entries: 131072 (order: 8, 1048576 bytes)
[    0.057029] Inode-cache hash table entries: 65536 (order: 7, 524288 bytes)
[    0.060178] Mount-cache hash table entries: 2048 (order: 2, 16384 bytes)
[    0.064221] Mountpoint-cache hash table entries: 2048 (order: 2, 16384 bytes)
[    0.073524] Last level iTLB entries: 4KB 512, 2MB 512, 4MB 256
[    0.076027] Last level dTLB entries: 4KB 2048, 2MB 2048, 4MB 1024, 1GB 0
[    0.080011] Spectre V1 : Mitigation: usercopy/swapgs barriers and __user pointer sanitization
[    0.084011] Spectre V2 : Mitigation: Retpolines
[    0.088010] Spectre V2 : Spectre v2 / SpectreRSB mitigation: Filling RSB on context switch
[    0.092008] Spectre V2 : Spectre v2 / SpectreRSB : Filling RSB on VMEXIT
[    0.096451] Freeing SMP alternatives memory: 36K
[    0.221639] APIC calibration not consistent with PM-Timer: 101ms instead of 100ms
[    0.224000] APIC delta adjusted to PM-Timer: 6322105 (6394042)
[    0.224858] smpboot: CPU0: AMD Ryzen 7 7435HS (family: 0x19, model: 0x44, stepping: 0x1)
[    0.232601] Performance Events: PMU not available due to virtualization, using software events only.
[    0.236368] Hierarchical SRCU implementation.
[    0.245296] NMI watchdog: Perf event create on CPU 0 failed with -2
[    0.248102] NMI watchdog: Perf NMI watchdog permanently disabled
[    0.252802] smp: Bringing up secondary CPUs ...
[    0.262435] x86: Booting SMP configuration:
[    0.264009] .... node  #0, CPUs:      #1
[    0.004000] kvm-clock: cpu 1, msr 0:3ff44041, secondary cpu clock
[    0.292123] smp: Brought up 1 node, 2 CPUs
[    0.296035] smpboot: Max logical packages: 1
[    0.300041] smpboot: Total of 2 processors activated (12376.44 BogoMIPS)
[    0.308126] devtmpfs: initialized
[    0.316995] x86/mm: Memory block size: 128MB
[    0.328782] evm: security.selinux
[    0.340007] evm: security.SMACK64
[    0.348009] evm: security.SMACK64EXEC
[    0.356007] evm: security.SMACK64TRANSMUTE
[    0.364020] evm: security.SMACK64MMAP
[    0.376007] evm: security.apparmor
[    0.384009] evm: security.ima
[    0.388020] evm: security.capability
[    0.400727] clocksource: jiffies: mask: 0xffffffff max_cycles: 0xffffffff, max_idle_ns: 7645041785100000 ns
[    0.404042] futex hash table entries: 512 (order: 3, 32768 bytes)
[    0.412575] pinctrl core: initialized pinctrl subsystem
[    0.421191] RTC time: 17:58:49, date: 05/30/26
[    0.430197] NET: Registered protocol family 16
[    0.432874] audit: initializing netlink subsys (disabled)
[    0.436301] audit: type=2000 audit(1780163935.348:1): state=initialized audit_enabled=0 res=1
[    0.456324] cpuidle: using governor ladder
[    0.468494] cpuidle: using governor menu
[    0.478527] ACPI: bus type PCI registered
[    0.480070] acpiphp: ACPI Hot Plug PCI Controller Driver version: 0.5
[    0.485729] PCI: Using configuration type 1 for base access
[    0.488017] PCI: Using configuration type 1 for extended access
[    0.505156] HugeTLB registered 2.00 MiB page size, pre-allocated 0 pages
[    0.521134] ACPI: Added _OSI(Module Device)
[    0.524048] ACPI: Added _OSI(Processor Device)
[    0.528021] ACPI: Added _OSI(3.0 _SCP Extensions)
[    0.532012] ACPI: Added _OSI(Processor Aggregator Device)
[    0.536013] ACPI: Added _OSI(Linux-Dell-Video)
[    0.540010] ACPI: Added _OSI(Linux-Lenovo-NV-HDMI-Audio)
[    0.544023] ACPI: Added _OSI(Linux-HPI-Hybrid-Graphics)
[    0.549797] ACPI: Executed 1 blocks of module-level executable AML code
[    0.566035] ACPI: Interpreter enabled
[    0.568034] ACPI: (supports S0 S5)
[    0.572008] ACPI: Using IOAPIC for interrupt routing
[    0.577139] PCI: Using host bridge windows from ACPI; if necessary, use "pci=nocrs" and report a bug
[    0.580674] ACPI: Enabled 2 GPEs in block 00 to 07
[    0.612000] ACPI: PCI Root Bridge [PCI0] (domain 0000 [bus 00-ff])
[    0.612036] acpi PNP0A03:00: _OSC: OS supports [ExtendedConfig ASPM ClockPM Segments MSI]
[    0.620978] acpi PNP0A03:00: _OSC: platform does not support [PCIeCapability]
[    0.628031] acpi PNP0A03:00: _OSC: not requesting control; platform does not support [PCIeCapability]
[    0.632011] acpi PNP0A03:00: _OSC: OS requested [PCIeHotplug PME AER PCIeCapability]
[    0.636073] acpi PNP0A03:00: _OSC: platform willing to grant [PCIeHotplug PME AER]
[    0.640017] acpi PNP0A03:00: _OSC failed (AE_SUPPORT); disabling ASPM
[    0.645652] PCI host bridge to bus 0000:00
[    0.648017] pci_bus 0000:00: root bus resource [io  0x0000-0x0cf7 window]
[    0.652021] pci_bus 0000:00: root bus resource [io  0x0d00-0xffff window]
[    0.656026] pci_bus 0000:00: root bus resource [mem 0x000a0000-0x000bffff window]
[    0.660067] pci_bus 0000:00: root bus resource [mem 0x40000000-0xfdffffff window]
[    0.664018] pci_bus 0000:00: root bus resource [bus 00-ff]
[    0.682480] pci 0000:00:01.1: legacy IDE quirk: reg 0x10: [io  0x01f0-0x01f7]
[    0.684013] pci 0000:00:01.1: legacy IDE quirk: reg 0x14: [io  0x03f6]
[    0.688019] pci 0000:00:01.1: legacy IDE quirk: reg 0x18: [io  0x0170-0x0177]
[    0.696062] pci 0000:00:01.1: legacy IDE quirk: reg 0x1c: [io  0x0376]
[    0.737695] pci 0000:00:07.0: quirk: [io  0x4000-0x403f] claimed by PIIX4 ACPI
[    0.740331] pci 0000:00:07.0: quirk: [io  0x4100-0x410f] claimed by PIIX4 SMB
[    0.771471] ACPI: PCI Interrupt Link [LNKA] (IRQs 5 9 10 *11)
[    0.772852] ACPI: PCI Interrupt Link [LNKB] (IRQs 5 9 *10 11)
[    0.776471] ACPI: PCI Interrupt Link [LNKC] (IRQs 5 *9 10 11)
[    0.780442] ACPI: PCI Interrupt Link [LNKD] (IRQs 5 9 10 *11)
[    0.785402] SCSI subsystem initialized
[    0.788477] pci 0000:00:02.0: vgaarb: setting as boot VGA device
[    0.792000] pci 0000:00:02.0: vgaarb: VGA device added: decodes=io+mem,owns=io+mem,locks=none
[    0.792070] pci 0000:00:02.0: vgaarb: bridge control possible
[    0.796012] vgaarb: loaded
[    0.804069] ACPI: bus type USB registered
[    0.808170] usbcore: registered new interface driver usbfs
[    0.812042] usbcore: registered new interface driver hub
[    0.816034] usbcore: registered new device driver usb
[    0.820413] EDAC MC: Ver: 3.0.0
[    0.837043] PCI: Using ACPI for IRQ routing
[    0.850576] NetLabel: Initializing
[    0.860010] NetLabel:  domain hash size = 128
[    0.872042] NetLabel:  protocols = UNLABELED CIPSOv4 CALIPSO
[    0.888239] NetLabel:  unlabeled traffic allowed by default
[    0.904550] clocksource: Switched to clocksource kvm-clock
[    0.926750] VFS: Disk quotas dquot_6.6.0
[    0.926750] VFS: Dquot-cache hash table entries: 512 (order 0, 4096 bytes)
[    0.926750] AppArmor: AppArmor Filesystem Enabled
[    0.926750] pnp: PnP ACPI init
[    0.926750] pnp: PnP ACPI: found 3 devices
[    1.141002] clocksource: acpi_pm: mask: 0xffffff max_cycles: 0xffffff, max_idle_ns: 2085701024 ns
[    1.144352] NET: Registered protocol family 2
[    1.144352] IP idents hash table entries: 16384 (order: 5, 131072 bytes)
[    1.179359] TCP established hash table entries: 8192 (order: 4, 65536 bytes)
[    1.181384] TCP bind hash table entries: 8192 (order: 5, 131072 bytes)
[    1.181384] TCP: Hash tables configured (established 8192 bind 8192)
[    1.181384] UDP hash table entries: 512 (order: 2, 16384 bytes)
[    1.181384] UDP-Lite hash table entries: 512 (order: 2, 16384 bytes)
[    1.239038] NET: Registered protocol family 1
[    1.241797] pci 0000:00:00.0: Limiting direct PCI/PCI transfers
[    1.241797] pci 0000:00:01.0: Activating ISA DMA hang workarounds
[    1.241797] pci 0000:00:02.0: Video device with shadowed ROM at [mem 0x000c0000-0x000dffff]
[    1.241797] Unpacking initramfs...
[    2.369062] Freeing initrd memory: 19528K
[    2.377407] clocksource: tsc: mask: 0xffffffffffffffff max_cycles: 0x2c998b9ccb6, max_idle_ns: 440795346954 ns
[    2.397566] platform rtc_cmos: registered platform RTC device (no PNP device found)
[    2.412982] Scanning for low memory corruption every 60 seconds
[    2.430658] Initialise system trusted keyrings
[    2.439981] Key type blacklist registered
[    2.449463] workingset: timestamp_bits=36 max_order=18 bucket_order=0
[    2.466147] zbud: loaded
[    2.478992] squashfs: version 4.0 (2009/01/31) Phillip Lougher
[    2.491598] fuse init (API version 7.26)
[    2.580949] Key type asymmetric registered
[    2.589415] Asymmetric key parser 'x509' registered
[    2.599343] Block layer SCSI generic (bsg) driver version 0.4 loaded (major 246)
[    2.615610] io scheduler noop registered
[    2.623239] io scheduler deadline registered
[    2.631211] io scheduler cfq registered (default)
[    2.642728] ACPI: AC Adapter [AC] (on-line)
[    2.651827] input: Power Button as /devices/LNXSYSTM:00/LNXPWRBN:00/input/input0
[    2.666402] ACPI: Power Button [PWRF]
[    2.673111] input: Sleep Button as /devices/LNXSYSTM:00/LNXSLPBN:00/input/input1
[    2.688368] ACPI: Sleep Button [SLPF]
[    2.698852] Serial: 8250/16550 driver, 32 ports, IRQ sharing enabled
[    2.702420] ACPI: Battery Slot [BAT0] (battery present)
[    2.762241] 00:02: ttyS0 at I/O 0x3f8 (irq = 4, base_baud = 115200) is a 16550A
[    2.813440] Linux agpgart interface v0.103
[    2.849900] loop: module loaded
[    2.863834] scsi host0: ata_piix
[    2.874767] scsi host1: ata_piix
[    2.884044] ata1: PATA max UDMA/33 cmd 0x1f0 ctl 0x3f6 bmdma 0xd000 irq 14
[    2.899315] ata2: PATA max UDMA/33 cmd 0x170 ctl 0x376 bmdma 0xd008 irq 15
[    2.917320] tun: Universal TUN/TAP device driver, 1.6
[    2.927824] PPP generic driver version 2.4.2
[    2.938663] ehci_hcd: USB 2.0 'Enhanced' Host Controller (EHCI) Driver
[    2.950006] ehci-pci: EHCI PCI platform driver
[    2.960654] ehci-platform: EHCI generic platform driver
[    2.969625] ohci_hcd: USB 1.1 'Open' Host Controller (OHCI) Driver
[    2.983471] ohci-pci: OHCI PCI platform driver
[    2.991778] ohci-platform: OHCI generic platform driver
[    3.004657] uhci_hcd: USB Universal Host Controller Interface driver
[    3.018115] i8042: PNP: PS/2 Controller [PNP0303:PS2K,PNP0f03:PS2M] at 0x60,0x64 irq 1,12
[    3.041096] serio: i8042 KBD port at 0x60,0x64 irq 1
[    3.050224] serio: i8042 AUX port at 0x60,0x64 irq 12
[    3.064347] mousedev: PS/2 mouse device common for all mice
[    3.079384] input: AT Translated Set 2 keyboard as /devices/platform/i8042/serio0/input/input2
[    3.132694] rtc_cmos rtc_cmos: rtc core: registered rtc_cmos as rtc0
[    3.145237] rtc_cmos rtc_cmos: alarms up to one day, 114 bytes nvram
[    3.157882] i2c /dev entries driver
[    3.164079] device-mapper: uevent: version 1.0.3
[    3.174295] device-mapper: ioctl: 4.37.0-ioctl (2017-09-20) initialised: dm-devel@redhat.com
[    3.192995] ledtrig-cpu: registered to indicate activity on CPUs
[    3.209067] NET: Registered protocol family 10
[    3.246527] Segment Routing with IPv6
[    3.254365] NET: Registered protocol family 17
[    3.265973] Key type dns_resolver registered
[    3.275570] mce: Using 0 MCE banks
[    3.282550] RAS: Correctable Errors collector initialized.
[    3.293197] sched_clock: Marking stable (3293081891, 0)->(5132150401, -1839068510)
[    3.315039] registered taskstats version 1
[    3.324959] Loading compiled-in X.509 certificates
[    3.344050] Loaded X.509 cert 'Build time autogenerated kernel key: b5b26778eaa3ab3a4a6cee031137706e947d12ad'
[    3.361742] Loaded X.509 cert 'Canonical Ltd. Live Patch Signing: 14df34d1a87cf37625abec039ef2bf521249b969'
[    3.380279] Loaded X.509 cert 'Canonical Ltd. Kernel Module Signing: 88f752e560a1e0737e31163a466ad7b70a850c19'
[    3.398439] blacklist: Loading compiled-in revocation X.509 certificates
[    3.408717] Loaded X.509 cert 'Canonical Ltd. Secure Boot Signing: 61482aa2830d0ab2ad5af10b7250da9033ddcef0'
[    3.426872] Loaded X.509 cert 'Canonical Ltd. Secure Boot Signing (2017): 242ade75ac4a15e50d50c84b0d45ff3eae707a03'
[    3.444332] Loaded X.509 cert 'Canonical Ltd. Secure Boot Signing (ESM 2018): 365188c1d374d6b07c3c8f240f8ef722433d6a8b'
[    3.461885] Loaded X.509 cert 'Canonical Ltd. Secure Boot Signing (2019): c0746fd6c5da3ae827864651ad66ae47fe24b3e8'
[    3.479470] Loaded X.509 cert 'Canonical Ltd. Secure Boot Signing (2021 v1): a8d54bbb3825cfb94fa13c9f8a594a195c107b8d'
[    3.498368] Loaded X.509 cert 'Canonical Ltd. Secure Boot Signing (2021 v2): 4cf046892d6fd3c9a5b03f98d845f90851dc6a8c'
[    3.516591] Loaded X.509 cert 'Canonical Ltd. Secure Boot Signing (2021 v3): 100437bb6de6e469b581e61cd66bce3ef4ed53af'
[    3.535082] Loaded X.509 cert 'Canonical Ltd. Secure Boot Signing (Ubuntu Core 2019): c1d57b8f6b743f23ee41f4f7ee292f06eecadfb9'
[    3.553787] zswap: loaded using pool lzo/zbud
[    3.582960] Key type big_key registered
[    3.591453] Key type trusted registered
[    3.611073] Key type encrypted registered
[    3.619005] AppArmor: AppArmor sha1 policy hashing enabled
[    3.628658] ima: No TPM chip found, activating TPM-bypass! (rc=-19)
[    3.639160] ima: Allocated hash algorithm: sha1
[    3.648222] evm: HMAC attrs: 0x1
[    3.656130]   Magic number: 10:495:998
[    3.662963] i8042 kbd 00:00: hash matches
[    3.670705] rtc_cmos rtc_cmos: setting system clock to 2026-05-30 17:58:53 UTC (1780163933)
[    3.688846] BIOS EDD facility v0.16 2004-Jun-25, 0 devices found
[    3.699425] EDD information not available.
[    3.714069] Freeing unused kernel image memory: 2480K
[    3.755139] Write protecting the kernel read-only data: 20480k
[    3.767736] Freeing unused kernel image memory: 2008K
[    3.778860] Freeing unused kernel image memory: 1820K
[    3.796775] x86/mm: Checked W+X mappings: passed, no W+X pages found.
Loading, please wait...
starting version 237
[    4.018201] e1000: Intel(R) PRO/1000 Network Driver - version 7.3.21-k8-NAPI
[    4.033646] e1000: Copyright (c) 1999-2006 Intel Corporation.
[    4.061078] Fusion MPT base driver 3.04.20
[    4.069732] Copyright (c) 1999-2008 LSI Corporation
[    4.166834] SSE version of gcm_enc/dec engaged.
[    4.179223] Fusion MPT SPI Host driver 3.04.20
[    4.465501] input: ImExPS/2 Generic Explorer Mouse as /devices/platform/i8042/serio1/input/input4
[    5.329820] e1000 0000:00:03.0 eth0: (PCI:33MHz:32-bit) 02:3b:7b:b7:3b:2d
[    5.345284] e1000 0000:00:03.0 eth0: Intel(R) PRO/1000 Network Connection
[    6.498138] e1000 0000:00:08.0 eth1: (PCI:33MHz:32-bit) 08:00:27:b2:67:cd
[    6.511746] e1000 0000:00:08.0 eth1: Intel(R) PRO/1000 Network Connection
[    6.529385] e1000 0000:00:08.0 enp0s8: renamed from eth1
[    6.543864] mptbase: ioc0: Initiating bringup
